
> frontend@0.0.0 build
> docusaurus build

[INFO] [en] Creating an optimized production build...
[90m[[90mwebpackbar[90m][39m [36mΓä╣[39m Compiling Client
[90m[[90mwebpackbar[90m][39m [36mΓä╣[39m Compiling Server
[90m[[90mwebpackbar[90m][39m [32mΓ£ö[39m Server: Compiled with some errors in 2.63m
node.exe : <w> [webpack.cache.PackFileCacheStrategy] Skipped not 
serializable cache item 'Compilation/modules|C:\Users\Rohaan 
Computers\Desktop\Hackathon Q4\Robotics-Course-Book - Copy\frontend\node_mod
ules\@docusaurus\mdx-loader\lib\index.js??ruleSet[1].rules[8].use[0]!C:\User
s\Rohaan Computers\Desktop\Hackathon Q4\Robotics-Course-Book - 
Copy\frontend\docs\book\11-appendix\04-robotics-mathematics-reference.md': 
No serializer registered for VFileMessage
At D:\npm.ps1:29 char:3
+   & $NODE_EXE $NPM_CLI_JS $args
+   ~~~~~~~~~~~~~~~~~~~~~~~~~~~~~
    + CategoryInfo          : NotSpecified: (<w> [webpack.ca...or VFileMess 
   age:String) [], RemoteException
    + FullyQualifiedErrorId : NativeCommandError
 
<w> while serializing 
webpack/lib/cache/PackFileCacheStrategy.PackContentItems -> 
webpack/lib/NormalModule -> webpack/lib/ModuleBuildError -> Error -> 
VFileMessage
<w> [webpack.cache.PackFileCacheStrategy] Skipped not serializable cache 
item 'Compilation/modules|C:\Users\Rohaan Computers\Desktop\Hackathon 
Q4\Robotics-Course-Book - Copy\frontend\node_modules\@docusaurus\mdx-loader\
lib\index.js??ruleSet[1].rules[8].use[0]!C:\Users\Rohaan 
Computers\Desktop\Hackathon Q4\Robotics-Course-Book - 
Copy\frontend\docs\book\02-electronics\01-fundamentals-of-electricity.md': 
No serializer registered for VFileMessage
<w> while serializing 
webpack/lib/cache/PackFileCacheStrategy.PackContentItems -> 
webpack/lib/NormalModule -> webpack/lib/ModuleBuildError -> Error -> 
VFileMessage
<w> [webpack.cache.PackFileCacheStrategy] Skipped not serializable cache 
item 'Compilation/modules|C:\Users\Rohaan Computers\Desktop\Hackathon 
Q4\Robotics-Course-Book - Copy\frontend\node_modules\@docusaurus\mdx-loader\
lib\index.js??ruleSet[1].rules[8].use[0]!C:\Users\Rohaan 
Computers\Desktop\Hackathon Q4\Robotics-Course-Book - 
Copy\frontend\docs\book\02-electronics\03-basic-circuits-and-ohms-law.md': 
No serializer registered for VFileMessage
<w> while serializing 
webpack/lib/cache/PackFileCacheStrategy.PackContentItems -> 
webpack/lib/NormalModule -> webpack/lib/ModuleBuildError -> Error -> 
VFileMessage
<w> [webpack.cache.PackFileCacheStrategy] Skipped not serializable cache 
item 'Compilation/modules|C:\Users\Rohaan Computers\Desktop\Hackathon 
Q4\Robotics-Course-Book - Copy\frontend\node_modules\@docusaurus\mdx-loader\
lib\index.js??ruleSet[1].rules[8].use[0]!C:\Users\Rohaan 
Computers\Desktop\Hackathon Q4\Robotics-Course-Book - 
Copy\frontend\docs\book\02-electronics\02-electronic-components.md': No 
serializer registered for VFileMessage
<w> while serializing 
webpack/lib/cache/PackFileCacheStrategy.PackContentItems -> 
webpack/lib/NormalModule -> webpack/lib/ModuleBuildError -> Error -> 
VFileMessage
<w> [webpack.cache.PackFileCacheStrategy] Skipped not serializable cache 
item 'Compilation/modules|C:\Users\Rohaan Computers\Desktop\Hackathon 
Q4\Robotics-Course-Book - Copy\frontend\node_modules\@docusaurus\mdx-loader\
lib\index.js??ruleSet[1].rules[8].use[0]!C:\Users\Rohaan 
Computers\Desktop\Hackathon Q4\Robotics-Course-Book - Copy\frontend\docs\boo
k\02-electronics\06-sensors-electrical-principles.md': No serializer 
registered for VFileMessage
<w> while serializing 
webpack/lib/cache/PackFileCacheStrategy.PackContentItems -> 
webpack/lib/NormalModule -> webpack/lib/ModuleBuildError -> Error -> 
VFileMessage
<w> [webpack.cache.PackFileCacheStrategy] Skipped not serializable cache 
item 'Compilation/modules|C:\Users\Rohaan Computers\Desktop\Hackathon 
Q4\Robotics-Course-Book - Copy\frontend\node_modules\@docusaurus\mdx-loader\
lib\index.js??ruleSet[1].rules[8].use[0]!C:\Users\Rohaan 
Computers\Desktop\Hackathon Q4\Robotics-Course-Book - 
Copy\frontend\docs\book\04-sensors\02-proximity-and-distance-sensors.md': 
No serializer registered for VFileMessage
<w> while serializing 
webpack/lib/cache/PackFileCacheStrategy.PackContentItems -> 
webpack/lib/NormalModule -> webpack/lib/ModuleBuildError -> Error -> 
VFileMessage
<w> [webpack.cache.PackFileCacheStrategy] Skipped not serializable cache 
item 'Compilation/modules|C:\Users\Rohaan Computers\Desktop\Hackathon 
Q4\Robotics-Course-Book - Copy\frontend\node_modules\@docusaurus\mdx-loader\
lib\index.js??ruleSet[1].rules[8].use[0]!C:\Users\Rohaan 
Computers\Desktop\Hackathon Q4\Robotics-Course-Book - 
Copy\frontend\docs\book\04-sensors\01-introduction-to-robot-perception.md': 
No serializer registered for VFileMessage
<w> while serializing 
webpack/lib/cache/PackFileCacheStrategy.PackContentItems -> 
webpack/lib/NormalModule -> webpack/lib/ModuleBuildError -> Error -> 
VFileMessage
<w> [webpack.cache.PackFileCacheStrategy] Skipped not serializable cache 
item 'Compilation/modules|C:\Users\Rohaan Computers\Desktop\Hackathon 
Q4\Robotics-Course-Book - Copy\frontend\node_modules\@docusaurus\mdx-loader\
lib\index.js??ruleSet[1].rules[8].use[0]!C:\Users\Rohaan 
Computers\Desktop\Hackathon Q4\Robotics-Course-Book - 
Copy\frontend\docs\book\04-sensors\06-environmental-sensors.md': No 
serializer registered for VFileMessage
<w> while serializing 
webpack/lib/cache/PackFileCacheStrategy.PackContentItems -> 
webpack/lib/NormalModule -> webpack/lib/ModuleBuildError -> Error -> 
VFileMessage
<w> [webpack.cache.PackFileCacheStrategy] Skipped not serializable cache 
item 'Compilation/modules|C:\Users\Rohaan Computers\Desktop\Hackathon 
Q4\Robotics-Course-Book - Copy\frontend\node_modules\@docusaurus\mdx-loader\
lib\index.js??ruleSet[1].rules[8].use[0]!C:\Users\Rohaan 
Computers\Desktop\Hackathon Q4\Robotics-Course-Book - Copy\frontend\docs\boo
k\08-ai-robotics\05-neural-networks-and-deep-learning.md': No serializer 
registered for VFileMessage
<w> while serializing 
webpack/lib/cache/PackFileCacheStrategy.PackContentItems -> 
webpack/lib/NormalModule -> webpack/lib/ModuleBuildError -> Error -> 
VFileMessage
<w> [webpack.cache.PackFileCacheStrategy] Skipped not serializable cache 
item 'Compilation/modules|C:\Users\Rohaan Computers\Desktop\Hackathon 
Q4\Robotics-Course-Book - Copy\frontend\node_modules\@docusaurus\mdx-loader\
lib\index.js??ruleSet[1].rules[8].use[0]!C:\Users\Rohaan 
Computers\Desktop\Hackathon Q4\Robotics-Course-Book - 
Copy\frontend\docs\book\08-ai-robotics\02-supervised-learning.md': No 
serializer registered for VFileMessage
<w> while serializing 
webpack/lib/cache/PackFileCacheStrategy.PackContentItems -> 
webpack/lib/NormalModule -> webpack/lib/ModuleBuildError -> Error -> 
VFileMessage
<w> [webpack.cache.PackFileCacheStrategy] Skipped not serializable cache 
item 'Compilation/modules|C:\Users\Rohaan Computers\Desktop\Hackathon 
Q4\Robotics-Course-Book - Copy\frontend\node_modules\@docusaurus\mdx-loader\
lib\index.js??ruleSet[1].rules[8].use[0]!C:\Users\Rohaan 
Computers\Desktop\Hackathon Q4\Robotics-Course-Book - Copy\frontend\docs\boo
k\08-ai-robotics\01-introduction-to-ai-and-machine-learning-in-robotics.md':
 No serializer registered for VFileMessage
<w> while serializing 
webpack/lib/cache/PackFileCacheStrategy.PackContentItems -> 
webpack/lib/NormalModule -> webpack/lib/ModuleBuildError -> Error -> 
VFileMessage
<w> [webpack.cache.PackFileCacheStrategy] Skipped not serializable cache 
item 'Compilation/modules|C:\Users\Rohaan Computers\Desktop\Hackathon 
Q4\Robotics-Course-Book - Copy\frontend\node_modules\@docusaurus\mdx-loader\
lib\index.js??ruleSet[1].rules[8].use[0]!C:\Users\Rohaan 
Computers\Desktop\Hackathon Q4\Robotics-Course-Book - 
Copy\frontend\docs\book\08-ai-robotics\04-reinforcement-learning.md': No 
serializer registered for VFileMessage
<w> while serializing 
webpack/lib/cache/PackFileCacheStrategy.PackContentItems -> 
webpack/lib/NormalModule -> webpack/lib/ModuleBuildError -> Error -> 
VFileMessage
<w> [webpack.cache.PackFileCacheStrategy] Skipped not serializable cache 
item 'Compilation/modules|C:\Users\Rohaan Computers\Desktop\Hackathon 
Q4\Robotics-Course-Book - Copy\frontend\node_modules\@docusaurus\mdx-loader\
lib\index.js??ruleSet[1].rules[8].use[0]!C:\Users\Rohaan 
Computers\Desktop\Hackathon Q4\Robotics-Course-Book - Copy\frontend\docs\boo
k\05-microcontrollers\01-microcontroller-architecture.md': No serializer 
registered for VFileMessage
<w> while serializing 
webpack/lib/cache/PackFileCacheStrategy.PackContentItems -> 
webpack/lib/NormalModule -> webpack/lib/ModuleBuildError -> Error -> 
VFileMessage
<w> [webpack.cache.PackFileCacheStrategy] Skipped not serializable cache 
item 'Compilation/modules|C:\Users\Rohaan Computers\Desktop\Hackathon 
Q4\Robotics-Course-Book - Copy\frontend\node_modules\@docusaurus\mdx-loader\
lib\index.js??ruleSet[1].rules[8].use[0]!C:\Users\Rohaan 
Computers\Desktop\Hackathon Q4\Robotics-Course-Book - Copy\frontend\docs\boo
k\05-microcontrollers\07-debugging-microcontroller-code.md': No serializer 
registered for VFileMessage
<w> while serializing 
webpack/lib/cache/PackFileCacheStrategy.PackContentItems -> 
webpack/lib/NormalModule -> webpack/lib/ModuleBuildError -> Error -> 
VFileMessage
<w> [webpack.cache.PackFileCacheStrategy] Skipped not serializable cache 
item 'Compilation/modules|C:\Users\Rohaan Computers\Desktop\Hackathon 
Q4\Robotics-Course-Book - Copy\frontend\node_modules\@docusaurus\mdx-loader\
lib\index.js??ruleSet[1].rules[8].use[0]!C:\Users\Rohaan 
Computers\Desktop\Hackathon Q4\Robotics-Course-Book - Copy\frontend\docs\boo
k\05-microcontrollers\03-advanced-arduino-features.md': No serializer 
registered for VFileMessage
<w> while serializing 
webpack/lib/cache/PackFileCacheStrategy.PackContentItems -> 
webpack/lib/NormalModule -> webpack/lib/ModuleBuildError -> Error -> 
VFileMessage
<w> [webpack.cache.PackFileCacheStrategy] Skipped not serializable cache 
item 'Compilation/modules|C:\Users\Rohaan Computers\Desktop\Hackathon 
Q4\Robotics-Course-Book - Copy\frontend\node_modules\@docusaurus\mdx-loader\
lib\index.js??ruleSet[1].rules[8].use[0]!C:\Users\Rohaan 
Computers\Desktop\Hackathon Q4\Robotics-Course-Book - Copy\frontend\docs\boo
k\05-microcontrollers\04-interfacing-peripherals-uart-i2c-spi.md': No 
serializer registered for VFileMessage
<w> while serializing 
webpack/lib/cache/PackFileCacheStrategy.PackContentItems -> 
webpack/lib/NormalModule -> webpack/lib/ModuleBuildError -> Error -> 
VFileMessage
<w> [webpack.cache.PackFileCacheStrategy] Skipped not serializable cache 
item 'Compilation/modules|C:\Users\Rohaan Computers\Desktop\Hackathon 
Q4\Robotics-Course-Book - Copy\frontend\node_modules\@docusaurus\mdx-loader\
lib\index.js??ruleSet[1].rules[8].use[0]!C:\Users\Rohaan 
Computers\Desktop\Hackathon Q4\Robotics-Course-Book - Copy\frontend\docs\boo
k\05-microcontrollers\06-introduction-to-esp32-esp8266.md': No serializer 
registered for VFileMessage
<w> while serializing 
webpack/lib/cache/PackFileCacheStrategy.PackContentItems -> 
webpack/lib/NormalModule -> webpack/lib/ModuleBuildError -> Error -> 
VFileMessage
<w> [webpack.cache.PackFileCacheStrategy] Skipped not serializable cache 
item 'Compilation/modules|C:\Users\Rohaan Computers\Desktop\Hackathon 
Q4\Robotics-Course-Book - Copy\frontend\node_modules\@docusaurus\mdx-loader\
lib\index.js??ruleSet[1].rules[8].use[0]!C:\Users\Rohaan 
Computers\Desktop\Hackathon Q4\Robotics-Course-Book - Copy\frontend\docs\boo
k\06-algorithms\07-localization-algorithms-kalman-particle-filter.md': No 
serializer registered for VFileMessage
<w> while serializing 
webpack/lib/cache/PackFileCacheStrategy.PackContentItems -> 
webpack/lib/NormalModule -> webpack/lib/ModuleBuildError -> Error -> 
VFileMessage
<w> [webpack.cache.PackFileCacheStrategy] Skipped not serializable cache 
item 'Compilation/modules|C:\Users\Rohaan Computers\Desktop\Hackathon 
Q4\Robotics-Course-Book - Copy\frontend\node_modules\@docusaurus\mdx-loader\
lib\index.js??ruleSet[1].rules[8].use[0]!C:\Users\Rohaan 
Computers\Desktop\Hackathon Q4\Robotics-Course-Book - Copy\frontend\docs\boo
k\06-algorithms\05-control-algorithms-pid-state-space.md': No serializer 
registered for VFileMessage
<w> while serializing 
webpack/lib/cache/PackFileCacheStrategy.PackContentItems -> 
webpack/lib/NormalModule -> webpack/lib/ModuleBuildError -> Error -> 
VFileMessage
<w> [webpack.cache.PackFileCacheStrategy] Skipped not serializable cache 
item 'Compilation/modules|C:\Users\Rohaan Computers\Desktop\Hackathon 
Q4\Robotics-Course-Book - Copy\frontend\node_modules\@docusaurus\mdx-loader\
lib\index.js??ruleSet[1].rules[8].use[0]!C:\Users\Rohaan 
Computers\Desktop\Hackathon Q4\Robotics-Course-Book - 
Copy\frontend\docs\book\01-introduction\06-future-of-robotics.md': No 
serializer registered for VFileMessage
<w> while serializing 
webpack/lib/cache/PackFileCacheStrategy.PackContentItems -> 
webpack/lib/NormalModule -> webpack/lib/ModuleBuildError -> Error -> 
VFileMessage
<w> [webpack.cache.PackFileCacheStrategy] Skipped not serializable cache 
item 'Compilation/modules|C:\Users\Rohaan Computers\Desktop\Hackathon 
Q4\Robotics-Course-Book - Copy\frontend\node_modules\@docusaurus\mdx-loader\
lib\index.js??ruleSet[1].rules[8].use[0]!C:\Users\Rohaan 
Computers\Desktop\Hackathon Q4\Robotics-Course-Book - 
Copy\frontend\docs\book\01-introduction\01-what-is-robotics.md': No 
serializer registered for VFileMessage
<w> while serializing 
webpack/lib/cache/PackFileCacheStrategy.PackContentItems -> 
webpack/lib/NormalModule -> webpack/lib/ModuleBuildError -> Error -> 
VFileMessage
<w> [webpack.cache.PackFileCacheStrategy] Skipped not serializable cache 
item 'Compilation/modules|C:\Users\Rohaan Computers\Desktop\Hackathon 
Q4\Robotics-Course-Book - Copy\frontend\node_modules\@docusaurus\mdx-loader\
lib\index.js??ruleSet[1].rules[8].use[0]!C:\Users\Rohaan 
Computers\Desktop\Hackathon Q4\Robotics-Course-Book - Copy\frontend\docs\boo
k\07-computer-vision\04-object-detection-and-recognition.md': No serializer 
registered for VFileMessage
<w> while serializing 
webpack/lib/cache/PackFileCacheStrategy.PackContentItems -> 
webpack/lib/NormalModule -> webpack/lib/ModuleBuildError -> Error -> 
VFileMessage
<w> [webpack.cache.PackFileCacheStrategy] Skipped not serializable cache 
item 'Compilation/modules|C:\Users\Rohaan Computers\Desktop\Hackathon 
Q4\Robotics-Course-Book - Copy\frontend\node_modules\@docusaurus\mdx-loader\
lib\index.js??ruleSet[1].rules[8].use[0]!C:\Users\Rohaan 
Computers\Desktop\Hackathon Q4\Robotics-Course-Book - Copy\frontend\docs\boo
k\07-computer-vision\06-depth-sensing-stereo-rgb-d.md': No serializer 
registered for VFileMessage
<w> while serializing 
webpack/lib/cache/PackFileCacheStrategy.PackContentItems -> 
webpack/lib/NormalModule -> webpack/lib/ModuleBuildError -> Error -> 
VFileMessage
<w> [webpack.cache.PackFileCacheStrategy] Skipped not serializable cache 
item 'Compilation/modules|C:\Users\Rohaan Computers\Desktop\Hackathon 
Q4\Robotics-Course-Book - Copy\frontend\node_modules\@docusaurus\mdx-loader\
lib\index.js??ruleSet[1].rules[8].use[0]!C:\Users\Rohaan 
Computers\Desktop\Hackathon Q4\Robotics-Course-Book - Copy\frontend\docs\boo
k\07-computer-vision\07-advanced-topics-tracking-segmentation.md': No 
serializer registered for VFileMessage
<w> while serializing 
webpack/lib/cache/PackFileCacheStrategy.PackContentItems -> 
webpack/lib/NormalModule -> webpack/lib/ModuleBuildError -> Error -> 
VFileMessage
<w> [webpack.cache.PackFileCacheStrategy] Skipped not serializable cache 
item 'Compilation/modules|C:\Users\Rohaan Computers\Desktop\Hackathon 
Q4\Robotics-Course-Book - Copy\frontend\node_modules\@docusaurus\mdx-loader\
lib\index.js??ruleSet[1].rules[8].use[0]!C:\Users\Rohaan 
Computers\Desktop\Hackathon Q4\Robotics-Course-Book - Copy\frontend\docs\boo
k\03-programming\02-variables-data-types-and-operators.md': No serializer 
registered for VFileMessage
<w> while serializing 
webpack/lib/cache/PackFileCacheStrategy.PackContentItems -> 
webpack/lib/NormalModule -> webpack/lib/ModuleBuildError -> Error -> 
VFileMessage
<w> [webpack.cache.PackFileCacheStrategy] Skipped not serializable cache 
item 'Compilation/modules|C:\Users\Rohaan Computers\Desktop\Hackathon 
Q4\Robotics-Course-Book - Copy\frontend\node_modules\@docusaurus\mdx-loader\
lib\index.js??ruleSet[1].rules[8].use[0]!C:\Users\Rohaan 
Computers\Desktop\Hackathon Q4\Robotics-Course-Book - Copy\frontend\docs\boo
k\02-electronics\04-digital-electronics-and-logic-gates.md': No serializer 
registered for VFileMessage
<w> while serializing 
webpack/lib/cache/PackFileCacheStrategy.PackContentItems -> 
webpack/lib/NormalModule -> webpack/lib/ModuleBuildError -> Error -> 
VFileMessage
<w> [webpack.cache.PackFileCacheStrategy] Skipped not serializable cache 
item 'Compilation/modules|C:\Users\Rohaan Computers\Desktop\Hackathon 
Q4\Robotics-Course-Book - Copy\frontend\node_modules\@docusaurus\mdx-loader\
lib\index.js??ruleSet[1].rules[8].use[0]!C:\Users\Rohaan 
Computers\Desktop\Hackathon Q4\Robotics-Course-Book - 
Copy\frontend\docs\book\10-hackathon-q4\01-robotics-hackathon-guide.md': No 
serializer registered for VFileMessage
<w> while serializing 
webpack/lib/cache/PackFileCacheStrategy.PackContentItems -> 
webpack/lib/NormalModule -> webpack/lib/ModuleBuildError -> Error -> 
VFileMessage
<w> [webpack.cache.PackFileCacheStrategy] Skipped not serializable cache 
item 'Compilation/modules|C:\Users\Rohaan Computers\Desktop\Hackathon 
Q4\Robotics-Course-Book - Copy\frontend\node_modules\@docusaurus\mdx-loader\
lib\index.js??ruleSet[1].rules[8].use[0]!C:\Users\Rohaan 
Computers\Desktop\Hackathon Q4\Robotics-Course-Book - Copy\frontend\docs\boo
k\06-algorithms\04-robot-kinematics-forward-and-inverse.md': No serializer 
registered for VFileMessage
<w> while serializing 
webpack/lib/cache/PackFileCacheStrategy.PackContentItems -> 
webpack/lib/NormalModule -> webpack/lib/ModuleBuildError -> Error -> 
VFileMessage
<w> [webpack.cache.PackFileCacheStrategy] Caching failed for pack: Error: 
ENOSPC: no space left on device, write
[90m[[90mwebpackbar[90m][39m [32mΓ£ö[39m Client: Compiled with some errors in 4.10m
[ERROR] Client bundle compiled with errors therefore further build is 
impossible.
Error: MDX compilation failed for file "C:\Users\Rohaan 
Computers\Desktop\Hackathon Q4\Robotics-Course-Book - 
Copy\frontend\docs\book\01-introduction\01-what-is-robotics.md"
Cause: Could not parse expression with acorn
Details:
{
  "cause": {
    "pos": 8787,
    "loc": {
      "line": 196,
      "column": 27
    },
    "raisedAt": 2
  },
  "column": 28,
  "file": "",
  "message": "Could not parse expression with acorn",
  "line": 196,
  "name": "196:28",
  "place": {
    "line": 196,
    "column": 28,
    "offset": 8787
  },
  "reason": "Could not parse expression with acorn",
  "ruleId": "acorn",
  "source": "micromark-extension-mdx-expression",
  "url": "https://github.com/micromark/micromark-extension-mdx-expression/tr
ee/main/packages/micromark-extension-mdx-expression#could-not-parse-expressi
on-with-acorn"
}

--------------------------

Error: MDX compilation failed for file "C:\Users\Rohaan 
Computers\Desktop\Hackathon Q4\Robotics-Course-Book - 
Copy\frontend\docs\book\01-introduction\06-future-of-robotics.md"
Cause: Could not parse expression with acorn
Details:
{
  "cause": {
    "pos": 13970,
    "loc": {
      "line": 307,
      "column": 43
    },
    "raisedAt": 3
  },
  "column": 44,
  "file": "",
  "message": "Could not parse expression with acorn",
  "line": 307,
  "name": "307:44",
  "place": {
    "line": 307,
    "column": 44,
    "offset": 13970
  },
  "reason": "Could not parse expression with acorn",
  "ruleId": "acorn",
  "source": "micromark-extension-mdx-expression",
  "url": "https://github.com/micromark/micromark-extension-mdx-expression/tr
ee/main/packages/micromark-extension-mdx-expression#could-not-parse-expressi
on-with-acorn"
}

--------------------------

Error: MDX compilation failed for file "C:\Users\Rohaan 
Computers\Desktop\Hackathon Q4\Robotics-Course-Book - 
Copy\frontend\docs\book\02-electronics\01-fundamentals-of-electricity.md"
Cause: Could not parse expression with acorn
Details:
{
  "cause": {
    "pos": 1812,
    "loc": {
      "line": 27,
      "column": 14
    },
    "raisedAt": 1
  },
  "column": 15,
  "file": "",
  "message": "Could not parse expression with acorn",
  "line": 27,
  "name": "27:15",
  "place": {
    "line": 27,
    "column": 15,
    "offset": 1812
  },
  "reason": "Could not parse expression with acorn",
  "ruleId": "acorn",
  "source": "micromark-extension-mdx-expression",
  "url": "https://github.com/micromark/micromark-extension-mdx-expression/tr
ee/main/packages/micromark-extension-mdx-expression#could-not-parse-expressi
on-with-acorn"
}

--------------------------

Error: MDX compilation failed for file "C:\Users\Rohaan 
Computers\Desktop\Hackathon Q4\Robotics-Course-Book - 
Copy\frontend\docs\book\02-electronics\02-electronic-components.md"
Cause: Could not parse expression with acorn
Details:
{
  "cause": {
    "pos": 13806,
    "loc": {
      "line": 356,
      "column": 65
    },
    "raisedAt": 1
  },
  "column": 66,
  "file": "",
  "message": "Could not parse expression with acorn",
  "line": 356,
  "name": "356:66",
  "place": {
    "line": 356,
    "column": 66,
    "offset": 13806
  },
  "reason": "Could not parse expression with acorn",
  "ruleId": "acorn",
  "source": "micromark-extension-mdx-expression",
  "url": "https://github.com/micromark/micromark-extension-mdx-expression/tr
ee/main/packages/micromark-extension-mdx-expression#could-not-parse-expressi
on-with-acorn"
}

--------------------------

Error: MDX compilation failed for file "C:\Users\Rohaan 
Computers\Desktop\Hackathon Q4\Robotics-Course-Book - 
Copy\frontend\docs\book\02-electronics\03-basic-circuits-and-ohms-law.md"
Cause: Could not parse expression with acorn
Details:
{
  "cause": {
    "pos": 2681,
    "loc": {
      "line": 51,
      "column": 18
    }
  },
  "column": 19,
  "file": "",
  "message": "Could not parse expression with acorn",
  "line": 51,
  "name": "51:19",
  "place": {
    "line": 51,
    "column": 19,
    "offset": 2681
  },
  "reason": "Could not parse expression with acorn",
  "ruleId": "acorn",
  "source": "micromark-extension-mdx-expression",
  "url": "https://github.com/micromark/micromark-extension-mdx-expression/tr
ee/main/packages/micromark-extension-mdx-expression#could-not-parse-expressi
on-with-acorn"
}

--------------------------

Error: MDX compilation failed for file "C:\Users\Rohaan 
Computers\Desktop\Hackathon Q4\Robotics-Course-Book - Copy\frontend\docs\boo
k\02-electronics\04-digital-electronics-and-logic-gates.md"
Cause: Could not parse expression with acorn
Details:
{
  "cause": {
    "pos": 11091,
    "loc": {
      "line": 316,
      "column": 16
    },
    "raisedAt": 3
  },
  "column": 17,
  "file": "",
  "message": "Could not parse expression with acorn",
  "line": 316,
  "name": "316:17",
  "place": {
    "line": 316,
    "column": 17,
    "offset": 11091
  },
  "reason": "Could not parse expression with acorn",
  "ruleId": "acorn",
  "source": "micromark-extension-mdx-expression",
  "url": "https://github.com/micromark/micromark-extension-mdx-expression/tr
ee/main/packages/micromark-extension-mdx-expression#could-not-parse-expressi
on-with-acorn"
}

--------------------------

Error: MDX compilation failed for file "C:\Users\Rohaan 
Computers\Desktop\Hackathon Q4\Robotics-Course-Book - 
Copy\frontend\docs\book\02-electronics\06-sensors-electrical-principles.md"
Cause: Could not parse expression with acorn
Details:
{
  "cause": {
    "pos": 13987,
    "loc": {
      "line": 288,
      "column": 11
    }
  },
  "column": 12,
  "file": "",
  "message": "Could not parse expression with acorn",
  "line": 288,
  "name": "288:12",
  "place": {
    "line": 288,
    "column": 12,
    "offset": 13987
  },
  "reason": "Could not parse expression with acorn",
  "ruleId": "acorn",
  "source": "micromark-extension-mdx-expression",
  "url": "https://github.com/micromark/micromark-extension-mdx-expression/tr
ee/main/packages/micromark-extension-mdx-expression#could-not-parse-expressi
on-with-acorn"
}

--------------------------

Error: MDX compilation failed for file "C:\Users\Rohaan 
Computers\Desktop\Hackathon Q4\Robotics-Course-Book - Copy\frontend\docs\boo
k\03-programming\02-variables-data-types-and-operators.md"
Cause: Could not parse expression with acorn
Details:
{
  "cause": {
    "pos": 12831,
    "loc": {
      "line": 338,
      "column": 40
    },
    "raisedAt": 2
  },
  "column": 41,
  "file": "",
  "message": "Could not parse expression with acorn",
  "line": 338,
  "name": "338:41",
  "place": {
    "line": 338,
    "column": 41,
    "offset": 12831
  },
  "reason": "Could not parse expression with acorn",
  "ruleId": "acorn",
  "source": "micromark-extension-mdx-expression",
  "url": "https://github.com/micromark/micromark-extension-mdx-expression/tr
ee/main/packages/micromark-extension-mdx-expression#could-not-parse-expressi
on-with-acorn"
}

--------------------------

Error: MDX compilation failed for file "C:\Users\Rohaan 
Computers\Desktop\Hackathon Q4\Robotics-Course-Book - 
Copy\frontend\docs\book\04-sensors\01-introduction-to-robot-perception.md"
Cause: Could not parse expression with acorn
Details:
{
  "cause": {
    "pos": 13260,
    "loc": {
      "line": 313,
      "column": 16
    },
    "raisedAt": 3
  },
  "column": 17,
  "file": "",
  "message": "Could not parse expression with acorn",
  "line": 313,
  "name": "313:17",
  "place": {
    "line": 313,
    "column": 17,
    "offset": 13260
  },
  "reason": "Could not parse expression with acorn",
  "ruleId": "acorn",
  "source": "micromark-extension-mdx-expression",
  "url": "https://github.com/micromark/micromark-extension-mdx-expression/tr
ee/main/packages/micromark-extension-mdx-expression#could-not-parse-expressi
on-with-acorn"
}

--------------------------

Error: MDX compilation failed for file "C:\Users\Rohaan 
Computers\Desktop\Hackathon Q4\Robotics-Course-Book - 
Copy\frontend\docs\book\04-sensors\02-proximity-and-distance-sensors.md"
Cause: Could not parse expression with acorn
Details:
{
  "cause": {
    "pos": 15173,
    "loc": {
      "line": 347,
      "column": 16
    },
    "raisedAt": 3
  },
  "column": 17,
  "file": "",
  "message": "Could not parse expression with acorn",
  "line": 347,
  "name": "347:17",
  "place": {
    "line": 347,
    "column": 17,
    "offset": 15173
  },
  "reason": "Could not parse expression with acorn",
  "ruleId": "acorn",
  "source": "micromark-extension-mdx-expression",
  "url": "https://github.com/micromark/micromark-extension-mdx-expression/tr
ee/main/packages/micromark-extension-mdx-expression#could-not-parse-expressi
on-with-acorn"
}

--------------------------

Error: MDX compilation failed for file "C:\Users\Rohaan 
Computers\Desktop\Hackathon Q4\Robotics-Course-Book - 
Copy\frontend\docs\book\04-sensors\06-environmental-sensors.md"
Cause: Could not parse expression with acorn
Details:
{
  "cause": {
    "pos": 15197,
    "loc": {
      "line": 308,
      "column": 55
    },
    "raisedAt": 1
  },
  "column": 56,
  "file": "",
  "message": "Could not parse expression with acorn",
  "line": 308,
  "name": "308:56",
  "place": {
    "line": 308,
    "column": 56,
    "offset": 15197
  },
  "reason": "Could not parse expression with acorn",
  "ruleId": "acorn",
  "source": "micromark-extension-mdx-expression",
  "url": "https://github.com/micromark/micromark-extension-mdx-expression/tr
ee/main/packages/micromark-extension-mdx-expression#could-not-parse-expressi
on-with-acorn"
}

--------------------------

Error: MDX compilation failed for file "C:\Users\Rohaan 
Computers\Desktop\Hackathon Q4\Robotics-Course-Book - Copy\frontend\docs\boo
k\05-microcontrollers\01-microcontroller-architecture.md"
Cause: Could not parse expression with acorn
Details:
{
  "cause": {
    "pos": 15813,
    "loc": {
      "line": 360,
      "column": 114
    },
    "raisedAt": 2
  },
  "column": 115,
  "file": "",
  "message": "Could not parse expression with acorn",
  "line": 360,
  "name": "360:115",
  "place": {
    "line": 360,
    "column": 115,
    "offset": 15813
  },
  "reason": "Could not parse expression with acorn",
  "ruleId": "acorn",
  "source": "micromark-extension-mdx-expression",
  "url": "https://github.com/micromark/micromark-extension-mdx-expression/tr
ee/main/packages/micromark-extension-mdx-expression#could-not-parse-expressi
on-with-acorn"
}

--------------------------

Error: MDX compilation failed for file "C:\Users\Rohaan 
Computers\Desktop\Hackathon Q4\Robotics-Course-Book - 
Copy\frontend\docs\book\05-microcontrollers\03-advanced-arduino-features.md"
Cause: Could not parse expression with acorn
Details:
{
  "cause": {
    "pos": 16172,
    "loc": {
      "line": 404,
      "column": 21
    }
  },
  "column": 22,
  "file": "",
  "message": "Could not parse expression with acorn",
  "line": 404,
  "name": "404:22",
  "place": {
    "line": 404,
    "column": 22,
    "offset": 16172
  },
  "reason": "Could not parse expression with acorn",
  "ruleId": "acorn",
  "source": "micromark-extension-mdx-expression",
  "url": "https://github.com/micromark/micromark-extension-mdx-expression/tr
ee/main/packages/micromark-extension-mdx-expression#could-not-parse-expressi
on-with-acorn"
}

--------------------------

Error: MDX compilation failed for file "C:\Users\Rohaan 
Computers\Desktop\Hackathon Q4\Robotics-Course-Book - Copy\frontend\docs\boo
k\05-microcontrollers\04-interfacing-peripherals-uart-i2c-spi.md"
Cause: Could not parse expression with acorn
Details:
{
  "cause": {
    "pos": 17920,
    "loc": {
      "line": 427,
      "column": 13
    }
  },
  "column": 14,
  "file": "",
  "message": "Could not parse expression with acorn",
  "line": 427,
  "name": "427:14",
  "place": {
    "line": 427,
    "column": 14,
    "offset": 17920
  },
  "reason": "Could not parse expression with acorn",
  "ruleId": "acorn",
  "source": "micromark-extension-mdx-expression",
  "url": "https://github.com/micromark/micromark-extension-mdx-expression/tr
ee/main/packages/micromark-extension-mdx-expression#could-not-parse-expressi
on-with-acorn"
}

--------------------------

Error: MDX compilation failed for file "C:\Users\Rohaan 
Computers\Desktop\Hackathon Q4\Robotics-Course-Book - Copy\frontend\docs\boo
k\05-microcontrollers\06-introduction-to-esp32-esp8266.md"
Cause: Could not parse expression with acorn
Details:
{
  "cause": {
    "pos": 12073,
    "loc": {
      "line": 241,
      "column": 25
    },
    "raisedAt": 9
  },
  "column": 26,
  "file": "",
  "message": "Could not parse expression with acorn",
  "line": 241,
  "name": "241:26",
  "place": {
    "line": 241,
    "column": 26,
    "offset": 12073
  },
  "reason": "Could not parse expression with acorn",
  "ruleId": "acorn",
  "source": "micromark-extension-mdx-expression",
  "url": "https://github.com/micromark/micromark-extension-mdx-expression/tr
ee/main/packages/micromark-extension-mdx-expression#could-not-parse-expressi
on-with-acorn"
}

--------------------------

Error: MDX compilation failed for file "C:\Users\Rohaan 
Computers\Desktop\Hackathon Q4\Robotics-Course-Book - Copy\frontend\docs\boo
k\05-microcontrollers\07-debugging-microcontroller-code.md"
Cause: Could not parse expression with acorn
Details:
{
  "cause": {
    "pos": 14092,
    "loc": {
      "line": 299,
      "column": 12
    }
  },
  "column": 13,
  "file": "",
  "message": "Could not parse expression with acorn",
  "line": 299,
  "name": "299:13",
  "place": {
    "line": 299,
    "column": 13,
    "offset": 14092
  },
  "reason": "Could not parse expression with acorn",
  "ruleId": "acorn",
  "source": "micromark-extension-mdx-expression",
  "url": "https://github.com/micromark/micromark-extension-mdx-expression/tr
ee/main/packages/micromark-extension-mdx-expression#could-not-parse-expressi
on-with-acorn"
}

--------------------------

Error: MDX compilation failed for file "C:\Users\Rohaan 
Computers\Desktop\Hackathon Q4\Robotics-Course-Book - Copy\frontend\docs\boo
k\06-algorithms\04-robot-kinematics-forward-and-inverse.md"
Cause: Could not parse expression with acorn
Details:
{
  "cause": {
    "pos": 18093,
    "loc": {
      "line": 383,
      "column": 29
    },
    "raisedAt": 3
  },
  "column": 30,
  "file": "",
  "message": "Could not parse expression with acorn",
  "line": 383,
  "name": "383:30",
  "place": {
    "line": 383,
    "column": 30,
    "offset": 18093
  },
  "reason": "Could not parse expression with acorn",
  "ruleId": "acorn",
  "source": "micromark-extension-mdx-expression",
  "url": "https://github.com/micromark/micromark-extension-mdx-expression/tr
ee/main/packages/micromark-extension-mdx-expression#could-not-parse-expressi
on-with-acorn"
}

--------------------------

Error: MDX compilation failed for file "C:\Users\Rohaan 
Computers\Desktop\Hackathon Q4\Robotics-Course-Book - Copy\frontend\docs\boo
k\06-algorithms\05-control-algorithms-pid-state-space.md"
Cause: Could not parse expression with acorn
Details:
{
  "cause": {
    "pos": 3121,
    "loc": {
      "line": 61,
      "column": 44
    },
    "raisedAt": 7
  },
  "column": 45,
  "file": "",
  "message": "Could not parse expression with acorn",
  "line": 61,
  "name": "61:45",
  "place": {
    "line": 61,
    "column": 45,
    "offset": 3121
  },
  "reason": "Could not parse expression with acorn",
  "ruleId": "acorn",
  "source": "micromark-extension-mdx-expression",
  "url": "https://github.com/micromark/micromark-extension-mdx-expression/tr
ee/main/packages/micromark-extension-mdx-expression#could-not-parse-expressi
on-with-acorn"
}

--------------------------

Error: MDX compilation failed for file "C:\Users\Rohaan 
Computers\Desktop\Hackathon Q4\Robotics-Course-Book - Copy\frontend\docs\boo
k\06-algorithms\07-localization-algorithms-kalman-particle-filter.md"
Cause: Could not parse expression with acorn
Details:
{
  "cause": {
    "pos": 22951,
    "loc": {
      "line": 521,
      "column": 20
    },
    "raisedAt": 1
  },
  "column": 21,
  "file": "",
  "message": "Could not parse expression with acorn",
  "line": 521,
  "name": "521:21",
  "place": {
    "line": 521,
    "column": 21,
    "offset": 22951
  },
  "reason": "Could not parse expression with acorn",
  "ruleId": "acorn",
  "source": "micromark-extension-mdx-expression",
  "url": "https://github.com/micromark/micromark-extension-mdx-expression/tr
ee/main/packages/micromark-extension-mdx-expression#could-not-parse-expressi
on-with-acorn"
}

--------------------------

Error: MDX compilation failed for file "C:\Users\Rohaan 
Computers\Desktop\Hackathon Q4\Robotics-Course-Book - Copy\frontend\docs\boo
k\07-computer-vision\04-object-detection-and-recognition.md"
Cause: Could not parse expression with acorn
Details:
{
  "cause": {
    "pos": 17458,
    "loc": {
      "line": 372,
      "column": 23
    },
    "raisedAt": 1
  },
  "column": 24,
  "file": "",
  "message": "Could not parse expression with acorn",
  "line": 372,
  "name": "372:24",
  "place": {
    "line": 372,
    "column": 24,
    "offset": 17458
  },
  "reason": "Could not parse expression with acorn",
  "ruleId": "acorn",
  "source": "micromark-extension-mdx-expression",
  "url": "https://github.com/micromark/micromark-extension-mdx-expression/tr
ee/main/packages/micromark-extension-mdx-expression#could-not-parse-expressi
on-with-acorn"
}

--------------------------

Error: MDX compilation failed for file "C:\Users\Rohaan 
Computers\Desktop\Hackathon Q4\Robotics-Course-Book - 
Copy\frontend\docs\book\07-computer-vision\06-depth-sensing-stereo-rgb-d.md"
Cause: Could not parse expression with acorn
Details:
{
  "cause": {
    "pos": 2301,
    "loc": {
      "line": 30,
      "column": 16
    },
    "raisedAt": 3
  },
  "column": 17,
  "file": "",
  "message": "Could not parse expression with acorn",
  "line": 30,
  "name": "30:17",
  "place": {
    "line": 30,
    "column": 17,
    "offset": 2301
  },
  "reason": "Could not parse expression with acorn",
  "ruleId": "acorn",
  "source": "micromark-extension-mdx-expression",
  "url": "https://github.com/micromark/micromark-extension-mdx-expression/tr
ee/main/packages/micromark-extension-mdx-expression#could-not-parse-expressi
on-with-acorn"
}

--------------------------

Error: MDX compilation failed for file "C:\Users\Rohaan 
Computers\Desktop\Hackathon Q4\Robotics-Course-Book - Copy\frontend\docs\boo
k\07-computer-vision\07-advanced-topics-tracking-segmentation.md"
Cause: Could not parse expression with acorn
Details:
{
  "cause": {
    "pos": 21832,
    "loc": {
      "line": 457,
      "column": 36
    },
    "raisedAt": 1
  },
  "column": 37,
  "file": "",
  "message": "Could not parse expression with acorn",
  "line": 457,
  "name": "457:37",
  "place": {
    "line": 457,
    "column": 37,
    "offset": 21832
  },
  "reason": "Could not parse expression with acorn",
  "ruleId": "acorn",
  "source": "micromark-extension-mdx-expression",
  "url": "https://github.com/micromark/micromark-extension-mdx-expression/tr
ee/main/packages/micromark-extension-mdx-expression#could-not-parse-expressi
on-with-acorn"
}

--------------------------

Error: MDX compilation failed for file "C:\Users\Rohaan 
Computers\Desktop\Hackathon Q4\Robotics-Course-Book - Copy\frontend\docs\boo
k\08-ai-robotics\01-introduction-to-ai-and-machine-learning-in-robotics.md"
Cause: Could not parse expression with acorn
Details:
{
  "cause": {
    "pos": 15063,
    "loc": {
      "line": 326,
      "column": 70
    },
    "raisedAt": 12
  },
  "column": 71,
  "file": "",
  "message": "Could not parse expression with acorn",
  "line": 326,
  "name": "326:71",
  "place": {
    "line": 326,
    "column": 71,
    "offset": 15063
  },
  "reason": "Could not parse expression with acorn",
  "ruleId": "acorn",
  "source": "micromark-extension-mdx-expression",
  "url": "https://github.com/micromark/micromark-extension-mdx-expression/tr
ee/main/packages/micromark-extension-mdx-expression#could-not-parse-expressi
on-with-acorn"
}

--------------------------

Error: MDX compilation failed for file "C:\Users\Rohaan 
Computers\Desktop\Hackathon Q4\Robotics-Course-Book - 
Copy\frontend\docs\book\08-ai-robotics\02-supervised-learning.md"
Cause: Could not parse expression with acorn
Details:
{
  "cause": {
    "pos": 2427,
    "loc": {
      "line": 43,
      "column": 18
    },
    "raisedAt": 1
  },
  "column": 19,
  "file": "",
  "message": "Could not parse expression with acorn",
  "line": 43,
  "name": "43:19",
  "place": {
    "line": 43,
    "column": 19,
    "offset": 2427
  },
  "reason": "Could not parse expression with acorn",
  "ruleId": "acorn",
  "source": "micromark-extension-mdx-expression",
  "url": "https://github.com/micromark/micromark-extension-mdx-expression/tr
ee/main/packages/micromark-extension-mdx-expression#could-not-parse-expressi
on-with-acorn"
}

--------------------------

Error: MDX compilation failed for file "C:\Users\Rohaan 
Computers\Desktop\Hackathon Q4\Robotics-Course-Book - 
Copy\frontend\docs\book\08-ai-robotics\04-reinforcement-learning.md"
Cause: Could not parse expression with acorn
Details:
{
  "cause": {
    "pos": 3422,
    "loc": {
      "line": 48,
      "column": 64
    },
    "raisedAt": 2
  },
  "column": 65,
  "file": "",
  "message": "Could not parse expression with acorn",
  "line": 48,
  "name": "48:65",
  "place": {
    "line": 48,
    "column": 65,
    "offset": 3422
  },
  "reason": "Could not parse expression with acorn",
  "ruleId": "acorn",
  "source": "micromark-extension-mdx-expression",
  "url": "https://github.com/micromark/micromark-extension-mdx-expression/tr
ee/main/packages/micromark-extension-mdx-expression#could-not-parse-expressi
on-with-acorn"
}

--------------------------

Error: MDX compilation failed for file "C:\Users\Rohaan 
Computers\Desktop\Hackathon Q4\Robotics-Course-Book - Copy\frontend\docs\boo
k\08-ai-robotics\05-neural-networks-and-deep-learning.md"
Cause: Could not parse expression with acorn
Details:
{
  "cause": {
    "pos": 16459,
    "loc": {
      "line": 346,
      "column": 13
    },
    "raisedAt": 1
  },
  "column": 14,
  "file": "",
  "message": "Could not parse expression with acorn",
  "line": 346,
  "name": "346:14",
  "place": {
    "line": 346,
    "column": 14,
    "offset": 16459
  },
  "reason": "Could not parse expression with acorn",
  "ruleId": "acorn",
  "source": "micromark-extension-mdx-expression",
  "url": "https://github.com/micromark/micromark-extension-mdx-expression/tr
ee/main/packages/micromark-extension-mdx-expression#could-not-parse-expressi
on-with-acorn"
}

--------------------------

Error: MDX compilation failed for file "C:\Users\Rohaan 
Computers\Desktop\Hackathon Q4\Robotics-Course-Book - 
Copy\frontend\docs\book\10-hackathon-q4\01-robotics-hackathon-guide.md"
Cause: Could not parse expression with acorn
Details:
{
  "cause": {
    "pos": 23509,
    "loc": {
      "line": 564,
      "column": 26
    },
    "raisedAt": 5
  },
  "column": 27,
  "file": "",
  "message": "Could not parse expression with acorn",
  "line": 564,
  "name": "564:27",
  "place": {
    "line": 564,
    "column": 27,
    "offset": 23509
  },
  "reason": "Could not parse expression with acorn",
  "ruleId": "acorn",
  "source": "micromark-extension-mdx-expression",
  "url": "https://github.com/micromark/micromark-extension-mdx-expression/tr
ee/main/packages/micromark-extension-mdx-expression#could-not-parse-expressi
on-with-acorn"
}

--------------------------

Error: MDX compilation failed for file "C:\Users\Rohaan 
Computers\Desktop\Hackathon Q4\Robotics-Course-Book - 
Copy\frontend\docs\book\11-appendix\04-robotics-mathematics-reference.md"
Cause: Could not parse expression with acorn
Details:
{
  "cause": {
    "pos": 4316,
    "loc": {
      "line": 68,
      "column": 33
    },
    "raisedAt": 3
  },
  "column": 34,
  "file": "",
  "message": "Could not parse expression with acorn",
  "line": 68,
  "name": "68:34",
  "place": {
    "line": 68,
    "column": 34,
    "offset": 4316
  },
  "reason": "Could not parse expression with acorn",
  "ruleId": "acorn",
  "source": "micromark-extension-mdx-expression",
  "url": "https://github.com/micromark/micromark-extension-mdx-expression/tr
ee/main/packages/micromark-extension-mdx-expression#could-not-parse-expressi
on-with-acorn"
}
